python : 2026-01-18 19:06:12,630 - INF
O - Testing http://127.0.0.1:8001/api/
emergency/status...
At line:1 char:1
+ python scripts/test_analysis_fixes.p
y > test_output.txt 2>&1
+ ~~~~~~~~~~~~~~~~~~~~~~~~~~~~~~~~~~~~
~~~~~~~~~~~~~~~~~~~~~~~~
    + CategoryInfo          : NotSpec 
   ified: (2026-01-18 19:0...gency/s  
  tatus...:String) [], RemoteExcept   
 ion
    + FullyQualifiedErrorId : NativeC 
   ommandError
 
2026-01-18 19:06:14,038 - INFO - ✅ Eme
rgency Status API: SUCCESS
2026-01-18 19:06:14,038 - INFO -    Po
rtfolio Data: {"daily_loss_pct": -0.47
49653671086481, "total_drawdown_pct": 
0}
2026-01-18 19:06:14,039 - INFO - Testi
ng http://127.0.0.1:8001/api/analyze w
ith ticker=NVDA...
2026-01-18 19:06:25,404 - INFO - ✅ Ana
lyze API: SUCCESS
2026-01-18 19:06:25,404 - ERROR - ❌ Va
lidation Errors: Missing 'action', Mis
sing 'conviction', Missing 'position_s
ize', Missing 'reasoning'
2026-01-18 19:06:25,404 - ERROR - 🔍 F
ULL RESPONSE: {
  "ticker": "NVDA",
  "final_decision": {
    "action": "HOLD",
    "confidence": 0.7,
    "reasoning": "Trader Agent와 Analys
t Agent는 HOLD 의견을 제시하고 있으며, Risk Agent
는 높은 리스크를 이유로 REJECT를 권고하고 있습니다. 그러나 현
재 포트폴리오에 NVDA 포지션이 없고, 현금 비중이 100%인 점을
 고려하여 신규 진입은 보류하고 관망하는 것이 적절하다고 판단됩니다.
 AI 시장의 변동성이 크고 지정학적 리스크도 존재하므로, Risk 
Agent의 의견을 일부 반영하여 신중한 접근을 유지합니다."
  },
  "agents_analysis": {
    "trader_agent": {
      "action": "HOLD",
      "confidence": 0.6,
      "reasoning": "NVDA는 현재 중요한 기술적 지
지선인 MA200 부근에서 공방을 벌이고 있습니다. 단기 하락 모멘텀
이 있지만, 장기 추세는 아직 살아있어 관망 후 MA50 지지선에서의
 반등을 확인하거나 MA200에서 지지를 받는 것을 확인한 뒤 짧게 
트레이딩을 시도하는 것이 좋습니다. 기술적으로는 반등 시점을 기다리는
 구간이며, 1일 차트의 약세 모멘텀이 우세합니다. 하지만 1개월 및
 1주 차트에서는 여전히 상승 추세가 유지되고 있고, MA200 지지
선에서의 반응이 중요합니다. 공격적인 진입보다는 관망하거나 지지선을 
확인한 후 진입하는 것이 안전합니다.",
      "weight": 0.35,
      "latency_seconds": 5.6
    },
    "risk_agent": {
      "action": "SELL",
      "confidence": 0.8,
      "reasoning": "엔비디아의 시장 지배력에도 불구하
고, AI 시장의 높은 변동성과 잠재적인 지정학적 및 거시 경제 리스
크를 고려할 때, 현재 시점에서는 HIGH 리스크로 판단됩니다. 원금
 보존을 최우선으로 고려하여 이 거래는 진행하지 않는 것을 권고합니다
.",
      "weight": 0.35,
      "latency_seconds": 5.69
    },
    "analyst_agent": {
      "action": "HOLD",
      "confidence": 0.6,
      "reasoning": "단기적인 공급망 이슈와 지정학적 
불확실성으로 인해 부정적인 영향이 예상되지만, AI 시장에서의 강력한
 지배력과 중장기적 성장 잠재력은 여전히 유효하며 공급망 이슈 해소 
시 반등 가능성이 있습니다. 따라서 'hold' 액션이 적절합니다."
,
      "weight": 0.3,
      "latency_seconds": 5.69
    },
    "pm_agent": {
      "action": "HOLD",
      "confidence": 0.7,
      "reasoning": "Trader Agent와 Anal
yst Agent는 HOLD 의견을 제시하고 있으며, Risk Age
nt는 높은 리스크를 이유로 REJECT를 권고하고 있습니다. 그러나
 현재 포트폴리오에 NVDA 포지션이 없고, 현금 비중이 100%인 
점을 고려하여 신규 진입은 보류하고 관망하는 것이 적절하다고 판단됩니
다. AI 시장의 변동성이 크고 지정학적 리스크도 존재하므로, Ris
k Agent의 의견을 일부 반영하여 신중한 접근을 유지합니다.",
      "hard_rules_passed": true,
      "hard_rules_violations": []
    }
  },
  "portfolio_action_guide": {
    "action": "DO_NOT_BUY",
    "reason": "현재 포트폴리오에 NVDA 포지션이 없고,
 AI 시장의 변동성과 지정학적 리스크를 고려하여 신규 진입은 보류합
니다. 200일 이동평균선 부근에서 지지 여부를 확인하고, 시장 상황
이 안정화될 때까지 관망합니다.",
    "strength": "moderate",
    "confidence": 0.7,
    "position_adjustment_pct": 0.0,
    "stop_loss_pct": -0.0912,
    "take_profit_pct": 0.0
  },
  "analysis_timestamp": "2026-01-18T10
:06:25.402837",
  "analysis_duration_seconds": "2026-0
1-18T10:06:25.402609",
  "weights": {
    "trader_mvp": 0.35,
    "risk_mvp": 0.35,
    "analyst_mvp": 0.3
  },
  "persona_mode": "trading",
  "news_summary": {
    "total_articles": 10,
    "recent_headlines": [
      "갑작스런 中통관 규제에…엔비디아 H200 부품사 생산 중
단",
      "러트닉 \"美에 투자 안하면 반도체 100% 관세\"…한
국 압박",
      "5 big analyst AI moves: Nvidia 
top 2026 pick, ASML gets big price tar
get hike"
    ]
  }
}
==================================================
🚀 STARTING VERIFICATION TEST
==================================================
--------------------------------------------------
==================================================
❌ VERIFICATION FAILED
==================================================
