============================= test session starts =============================
platform win32 -- Python 3.14.0, pytest-8.4.2, pluggy-1.6.0
rootdir: D:\code\ai-trading-system
plugins: anyio-4.12.0, locust-2.42.5, asyncio-1.2.0, cov-7.0.0, langsmith-0.6.4
asyncio: mode=Mode.STRICT, debug=False, asyncio_default_fixture_loop_scope=None, asyncio_default_test_loop_scope=function
collected 7 items

tests\test_position_aging.py .F.....                                     [100%]

================================== FAILURES ===================================
___________ TestPositionAgingTracker.test_trading_position_warning ____________

self = <test_position_aging.TestPositionAgingTracker object at 0x0000024F46BEF250>

    def test_trading_position_warning(self):
        """Test: Trading 포지션 6일 보유 (경고)"""
        # Threshold: Warning > 5 days
        entry_date = (datetime.now() - timedelta(days=6)).strftime("%Y-%m-%d")
        position = {
            'ticker': 'TSLA',
            'mode': 'trading',
            'entry_date': entry_date
        }
    
        result = self.tracker.check_aging(position)
    
        assert result['stale'] is True
        assert result['level'] == 'warning'
>       assert "5일 초과" in result['message']
E       AssertionError: assert '5일 초과' in '보유 기간 6일 - Warning 임계값(5일) 초과'

tests\test_position_aging.py:47: AssertionError
============================== warnings summary ===============================
backend\config\settings.py:18
  D:\code\ai-trading-system\backend\config\settings.py:18: PydanticDeprecatedSince20: Using extra keyword arguments on `Field` is deprecated and will be removed. Use `json_schema_extra` instead. (Extra keys: 'env'). Deprecated in Pydantic V2.0 to be removed in V3.0. See Pydantic V2 Migration Guide at https://errors.pydantic.dev/2.12/migration/
    redis_url: str = Field(default="redis://localhost:6379/0", env="REDIS_URL")

backend\config\settings.py:19
  D:\code\ai-trading-system\backend\config\settings.py:19: PydanticDeprecatedSince20: Using extra keyword arguments on `Field` is deprecated and will be removed. Use `json_schema_extra` instead. (Extra keys: 'env'). Deprecated in Pydantic V2.0 to be removed in V3.0. See Pydantic V2 Migration Guide at https://errors.pydantic.dev/2.12/migration/
    redis_max_connections: int = Field(default=50, env="REDIS_MAX_CONNECTIONS")

backend\config\settings.py:21
  D:\code\ai-trading-system\backend\config\settings.py:21: PydanticDeprecatedSince20: Using extra keyword arguments on `Field` is deprecated and will be removed. Use `json_schema_extra` instead. (Extra keys: 'env'). Deprecated in Pydantic V2.0 to be removed in V3.0. See Pydantic V2 Migration Guide at https://errors.pydantic.dev/2.12/migration/
    timescale_host: str = Field(default="localhost", env="TIMESCALE_HOST")

backend\config\settings.py:22
  D:\code\ai-trading-system\backend\config\settings.py:22: PydanticDeprecatedSince20: Using extra keyword arguments on `Field` is deprecated and will be removed. Use `json_schema_extra` instead. (Extra keys: 'env'). Deprecated in Pydantic V2.0 to be removed in V3.0. See Pydantic V2 Migration Guide at https://errors.pydantic.dev/2.12/migration/
    timescale_port: int = Field(default=5432, env="TIMESCALE_PORT")

backend\config\settings.py:23
  D:\code\ai-trading-system\backend\config\settings.py:23: PydanticDeprecatedSince20: Using extra keyword arguments on `Field` is deprecated and will be removed. Use `json_schema_extra` instead. (Extra keys: 'env'). Deprecated in Pydantic V2.0 to be removed in V3.0. See Pydantic V2 Migration Guide at https://errors.pydantic.dev/2.12/migration/
    timescale_db: str = Field(default="ai_trading", env="TIMESCALE_DB")

backend\config\settings.py:24
  D:\code\ai-trading-system\backend\config\settings.py:24: PydanticDeprecatedSince20: Using extra keyword arguments on `Field` is deprecated and will be removed. Use `json_schema_extra` instead. (Extra keys: 'env'). Deprecated in Pydantic V2.0 to be removed in V3.0. See Pydantic V2 Migration Guide at https://errors.pydantic.dev/2.12/migration/
    timescale_user: str = Field(default="postgres", env="TIMESCALE_USER")

backend\config\settings.py:25
  D:\code\ai-trading-system\backend\config\settings.py:25: PydanticDeprecatedSince20: Using extra keyword arguments on `Field` is deprecated and will be removed. Use `json_schema_extra` instead. (Extra keys: 'env'). Deprecated in Pydantic V2.0 to be removed in V3.0. See Pydantic V2 Migration Guide at https://errors.pydantic.dev/2.12/migration/
    timescale_password: str = Field(default="postgres", env="TIMESCALE_PASSWORD")

backend\config\settings.py:26
  D:\code\ai-trading-system\backend\config\settings.py:26: PydanticDeprecatedSince20: Using extra keyword arguments on `Field` is deprecated and will be removed. Use `json_schema_extra` instead. (Extra keys: 'env'). Deprecated in Pydantic V2.0 to be removed in V3.0. See Pydantic V2 Migration Guide at https://errors.pydantic.dev/2.12/migration/
    timescale_min_pool_size: int = Field(default=5, env="TIMESCALE_MIN_POOL_SIZE")

backend\config\settings.py:27
  D:\code\ai-trading-system\backend\config\settings.py:27: PydanticDeprecatedSince20: Using extra keyword arguments on `Field` is deprecated and will be removed. Use `json_schema_extra` instead. (Extra keys: 'env'). Deprecated in Pydantic V2.0 to be removed in V3.0. See Pydantic V2 Migration Guide at https://errors.pydantic.dev/2.12/migration/
    timescale_max_pool_size: int = Field(default=20, env="TIMESCALE_MAX_POOL_SIZE")

backend\config\settings.py:39
  D:\code\ai-trading-system\backend\config\settings.py:39: PydanticDeprecatedSince20: Using extra keyword arguments on `Field` is deprecated and will be removed. Use `json_schema_extra` instead. (Extra keys: 'env'). Deprecated in Pydantic V2.0 to be removed in V3.0. See Pydantic V2 Migration Guide at https://errors.pydantic.dev/2.12/migration/
    anthropic_api_key: str = Field(default_factory=lambda: get_secret("ANTHROPIC_API_KEY", ""), env="ANTHROPIC_API_KEY")

backend\config\settings.py:40
  D:\code\ai-trading-system\backend\config\settings.py:40: PydanticDeprecatedSince20: Using extra keyword arguments on `Field` is deprecated and will be removed. Use `json_schema_extra` instead. (Extra keys: 'env'). Deprecated in Pydantic V2.0 to be removed in V3.0. See Pydantic V2 Migration Guide at https://errors.pydantic.dev/2.12/migration/
    openai_api_key: str = Field(default_factory=lambda: get_secret("OPENAI_API_KEY", ""), env="OPENAI_API_KEY")

backend\config\settings.py:41
  D:\code\ai-trading-system\backend\config\settings.py:41: PydanticDeprecatedSince20: Using extra keyword arguments on `Field` is deprecated and will be removed. Use `json_schema_extra` instead. (Extra keys: 'env'). Deprecated in Pydantic V2.0 to be removed in V3.0. See Pydantic V2 Migration Guide at https://errors.pydantic.dev/2.12/migration/
    gemini_api_key: str = Field(default_factory=lambda: get_secret("GEMINI_API_KEY", ""), env="GEMINI_API_KEY")

backend\config\settings.py:42
  D:\code\ai-trading-system\backend\config\settings.py:42: PydanticDeprecatedSince20: Using extra keyword arguments on `Field` is deprecated and will be removed. Use `json_schema_extra` instead. (Extra keys: 'env'). Deprecated in Pydantic V2.0 to be removed in V3.0. See Pydantic V2 Migration Guide at https://errors.pydantic.dev/2.12/migration/
    google_api_key: str = Field(default_factory=lambda: get_secret("GOOGLE_API_KEY", ""), env="GOOGLE_API_KEY")

backend\config\settings.py:43
  D:\code\ai-trading-system\backend\config\settings.py:43: PydanticDeprecatedSince20: Using extra keyword arguments on `Field` is deprecated and will be removed. Use `json_schema_extra` instead. (Extra keys: 'env'). Deprecated in Pydantic V2.0 to be removed in V3.0. See Pydantic V2 Migration Guide at https://errors.pydantic.dev/2.12/migration/
    chatgpt_api_key: str = Field(default_factory=lambda: get_secret("CHATGPT_API_KEY", ""), env="CHATGPT_API_KEY")

backend\config\settings.py:44
  D:\code\ai-trading-system\backend\config\settings.py:44: PydanticDeprecatedSince20: Using extra keyword arguments on `Field` is deprecated and will be removed. Use `json_schema_extra` instead. (Extra keys: 'env'). Deprecated in Pydantic V2.0 to be removed in V3.0. See Pydantic V2 Migration Guide at https://errors.pydantic.dev/2.12/migration/
    newsapi_key: str = Field(default_factory=lambda: get_secret("NEWS_API_KEY", ""), env="NEWS_API_KEY")

backend\config\settings.py:47
  D:\code\ai-trading-system\backend\config\settings.py:47: PydanticDeprecatedSince20: Using extra keyword arguments on `Field` is deprecated and will be removed. Use `json_schema_extra` instead. (Extra keys: 'env'). Deprecated in Pydantic V2.0 to be removed in V3.0. See Pydantic V2 Migration Guide at https://errors.pydantic.dev/2.12/migration/
    ai_max_tokens: int = Field(default=4096, env="AI_MAX_TOKENS")

backend\config\settings.py:48
  D:\code\ai-trading-system\backend\config\settings.py:48: PydanticDeprecatedSince20: Using extra keyword arguments on `Field` is deprecated and will be removed. Use `json_schema_extra` instead. (Extra keys: 'env'). Deprecated in Pydantic V2.0 to be removed in V3.0. See Pydantic V2 Migration Guide at https://errors.pydantic.dev/2.12/migration/
    ai_temperature: float = Field(default=0.3, env="AI_TEMPERATURE")

backend\config\settings.py:49
  D:\code\ai-trading-system\backend\config\settings.py:49: PydanticDeprecatedSince20: Using extra keyword arguments on `Field` is deprecated and will be removed. Use `json_schema_extra` instead. (Extra keys: 'env'). Deprecated in Pydantic V2.0 to be removed in V3.0. See Pydantic V2 Migration Guide at https://errors.pydantic.dev/2.12/migration/
    ai_request_timeout: int = Field(default=30, env="AI_REQUEST_TIMEOUT")

backend\config\settings.py:50
  D:\code\ai-trading-system\backend\config\settings.py:50: PydanticDeprecatedSince20: Using extra keyword arguments on `Field` is deprecated and will be removed. Use `json_schema_extra` instead. (Extra keys: 'env'). Deprecated in Pydantic V2.0 to be removed in V3.0. See Pydantic V2 Migration Guide at https://errors.pydantic.dev/2.12/migration/
    ai_max_retries: int = Field(default=3, env="AI_MAX_RETRIES")

backend\config\settings.py:52
  D:\code\ai-trading-system\backend\config\settings.py:52: PydanticDeprecatedSince20: Pydantic V1 style `@validator` validators are deprecated. You should migrate to Pydantic V2 style `@field_validator` validators, see the migration guide for more details. Deprecated in Pydantic V2.0 to be removed in V3.0. See Pydantic V2 Migration Guide at https://errors.pydantic.dev/2.12/migration/
    @validator("openai_api_key")

backend\config\settings.py:65
  D:\code\ai-trading-system\backend\config\settings.py:65: PydanticDeprecatedSince20: Using extra keyword arguments on `Field` is deprecated and will be removed. Use `json_schema_extra` instead. (Extra keys: 'env'). Deprecated in Pydantic V2.0 to be removed in V3.0. See Pydantic V2 Migration Guide at https://errors.pydantic.dev/2.12/migration/
    max_volatility_pct: float = Field(default=50.0, env="MAX_VOLATILITY_PCT")

backend\config\settings.py:66
  D:\code\ai-trading-system\backend\config\settings.py:66: PydanticDeprecatedSince20: Using extra keyword arguments on `Field` is deprecated and will be removed. Use `json_schema_extra` instead. (Extra keys: 'env'). Deprecated in Pydantic V2.0 to be removed in V3.0. See Pydantic V2 Migration Guide at https://errors.pydantic.dev/2.12/migration/
    min_momentum_pct: float = Field(default=-30.0, env="MIN_MOMENTUM_PCT")

backend\config\settings.py:69
  D:\code\ai-trading-system\backend\config\settings.py:69: PydanticDeprecatedSince20: Using extra keyword arguments on `Field` is deprecated and will be removed. Use `json_schema_extra` instead. (Extra keys: 'env'). Deprecated in Pydantic V2.0 to be removed in V3.0. See Pydantic V2 Migration Guide at https://errors.pydantic.dev/2.12/migration/
    conviction_threshold_buy: float = Field(default=0.7, env="CONVICTION_THRESHOLD_BUY")

backend\config\settings.py:70
  D:\code\ai-trading-system\backend\config\settings.py:70: PydanticDeprecatedSince20: Using extra keyword arguments on `Field` is deprecated and will be removed. Use `json_schema_extra` instead. (Extra keys: 'env'). Deprecated in Pydantic V2.0 to be removed in V3.0. See Pydantic V2 Migration Guide at https://errors.pydantic.dev/2.12/migration/
    conviction_threshold_sell: float = Field(default=0.6, env="CONVICTION_THRESHOLD_SELL")

backend\config\settings.py:73
  D:\code\ai-trading-system\backend\config\settings.py:73: PydanticDeprecatedSince20: Using extra keyword arguments on `Field` is deprecated and will be removed. Use `json_schema_extra` instead. (Extra keys: 'env'). Deprecated in Pydantic V2.0 to be removed in V3.0. See Pydantic V2 Migration Guide at https://errors.pydantic.dev/2.12/migration/
    max_position_size_pct: float = Field(default=5.0, env="MAX_POSITION_SIZE_PCT")

backend\config\settings.py:74
  D:\code\ai-trading-system\backend\config\settings.py:74: PydanticDeprecatedSince20: Using extra keyword arguments on `Field` is deprecated and will be removed. Use `json_schema_extra` instead. (Extra keys: 'env'). Deprecated in Pydantic V2.0 to be removed in V3.0. See Pydantic V2 Migration Guide at https://errors.pydantic.dev/2.12/migration/
    stop_loss_fixed_pct: float = Field(default=3.0, env="STOP_LOSS_FIXED_PCT")

backend\config\settings.py:75
  D:\code\ai-trading-system\backend\config\settings.py:75: PydanticDeprecatedSince20: Using extra keyword arguments on `Field` is deprecated and will be removed. Use `json_schema_extra` instead. (Extra keys: 'env'). Deprecated in Pydantic V2.0 to be removed in V3.0. See Pydantic V2 Migration Guide at https://errors.pydantic.dev/2.12/migration/
    kill_switch_daily_loss_pct: float = Field(default=2.0, env="KILL_SWITCH_DAILY_LOSS_PCT")

backend\config\settings.py:78
  D:\code\ai-trading-system\backend\config\settings.py:78: PydanticDeprecatedSince20: Using extra keyword arguments on `Field` is deprecated and will be removed. Use `json_schema_extra` instead. (Extra keys: 'env'). Deprecated in Pydantic V2.0 to be removed in V3.0. See Pydantic V2 Migration Guide at https://errors.pydantic.dev/2.12/migration/
    min_management_credibility: float = Field(default=0.3, env="MIN_MANAGEMENT_CREDIBILITY")

backend\config\settings.py:79
  D:\code\ai-trading-system\backend\config\settings.py:79: PydanticDeprecatedSince20: Using extra keyword arguments on `Field` is deprecated and will be removed. Use `json_schema_extra` instead. (Extra keys: 'env'). Deprecated in Pydantic V2.0 to be removed in V3.0. See Pydantic V2 Migration Guide at https://errors.pydantic.dev/2.12/migration/
    management_credibility_position_scaling: bool = Field(default=True, env="MANAGEMENT_CREDIBILITY_POSITION_SCALING")

backend\config\settings.py:82
  D:\code\ai-trading-system\backend\config\settings.py:82: PydanticDeprecatedSince20: Using extra keyword arguments on `Field` is deprecated and will be removed. Use `json_schema_extra` instead. (Extra keys: 'env'). Deprecated in Pydantic V2.0 to be removed in V3.0. See Pydantic V2 Migration Guide at https://errors.pydantic.dev/2.12/migration/
    min_supply_chain_risk_threshold: float = Field(default=0.6, env="MIN_SUPPLY_CHAIN_RISK_THRESHOLD")

backend\config\settings.py:85
  D:\code\ai-trading-system\backend\config\settings.py:85: PydanticDeprecatedSince20: Using extra keyword arguments on `Field` is deprecated and will be removed. Use `json_schema_extra` instead. (Extra keys: 'env'). Deprecated in Pydantic V2.0 to be removed in V3.0. See Pydantic V2 Migration Guide at https://errors.pydantic.dev/2.12/migration/
    max_non_standard_risk_critical: float = Field(default=0.6, env="MAX_NON_STANDARD_RISK_CRITICAL")

backend\config\settings.py:86
  D:\code\ai-trading-system\backend\config\settings.py:86: PydanticDeprecatedSince20: Using extra keyword arguments on `Field` is deprecated and will be removed. Use `json_schema_extra` instead. (Extra keys: 'env'). Deprecated in Pydantic V2.0 to be removed in V3.0. See Pydantic V2 Migration Guide at https://errors.pydantic.dev/2.12/migration/
    max_non_standard_risk_high: float = Field(default=0.3, env="MAX_NON_STANDARD_RISK_HIGH")

backend\config\settings.py:87
  D:\code\ai-trading-system\backend\config\settings.py:87: PydanticDeprecatedSince20: Using extra keyword arguments on `Field` is deprecated and will be removed. Use `json_schema_extra` instead. (Extra keys: 'env'). Deprecated in Pydantic V2.0 to be removed in V3.0. See Pydantic V2 Migration Guide at https://errors.pydantic.dev/2.12/migration/
    non_standard_risk_position_scaling: bool = Field(default=True, env="NON_STANDARD_RISK_POSITION_SCALING")

backend\config\settings.py:88
  D:\code\ai-trading-system\backend\config\settings.py:88: PydanticDeprecatedSince20: Using extra keyword arguments on `Field` is deprecated and will be removed. Use `json_schema_extra` instead. (Extra keys: 'env'). Deprecated in Pydantic V2.0 to be removed in V3.0. See Pydantic V2 Migration Guide at https://errors.pydantic.dev/2.12/migration/
    high_risk_position_reduction_pct: float = Field(default=50.0, env="HIGH_RISK_POSITION_REDUCTION_PCT")

backend\config\settings.py:92
  D:\code\ai-trading-system\backend\config\settings.py:92: PydanticDeprecatedSince20: Using extra keyword arguments on `Field` is deprecated and will be removed. Use `json_schema_extra` instead. (Extra keys: 'env'). Deprecated in Pydantic V2.0 to be removed in V3.0. See Pydantic V2 Migration Guide at https://errors.pydantic.dev/2.12/migration/
    kis_app_key: Optional[str] = Field(default_factory=lambda: get_secret("KIS_APP_KEY"), env="KIS_APP_KEY")

backend\config\settings.py:93
  D:\code\ai-trading-system\backend\config\settings.py:93: PydanticDeprecatedSince20: Using extra keyword arguments on `Field` is deprecated and will be removed. Use `json_schema_extra` instead. (Extra keys: 'env'). Deprecated in Pydantic V2.0 to be removed in V3.0. See Pydantic V2 Migration Guide at https://errors.pydantic.dev/2.12/migration/
    kis_app_secret: Optional[str] = Field(default_factory=lambda: get_secret("KIS_APP_SECRET"), env="KIS_APP_SECRET")

backend\config\settings.py:94
  D:\code\ai-trading-system\backend\config\settings.py:94: PydanticDeprecatedSince20: Using extra keyword arguments on `Field` is deprecated and will be removed. Use `json_schema_extra` instead. (Extra keys: 'env'). Deprecated in Pydantic V2.0 to be removed in V3.0. See Pydantic V2 Migration Guide at https://errors.pydantic.dev/2.12/migration/
    kis_account_number: Optional[str] = Field(default_factory=lambda: get_secret("KIS_ACCOUNT_NUMBER"), env="KIS_ACCOUNT_NUMBER")

backend\config\settings.py:95
  D:\code\ai-trading-system\backend\config\settings.py:95: PydanticDeprecatedSince20: Using extra keyword arguments on `Field` is deprecated and will be removed. Use `json_schema_extra` instead. (Extra keys: 'env'). Deprecated in Pydantic V2.0 to be removed in V3.0. See Pydantic V2 Migration Guide at https://errors.pydantic.dev/2.12/migration/
    kis_account_product_code: str = Field(default_factory=lambda: get_secret("KIS_ACCOUNT_PRODUCT_CODE", "01"), env="KIS_ACCOUNT_PRODUCT_CODE")

backend\config\settings.py:98
  D:\code\ai-trading-system\backend\config\settings.py:98: PydanticDeprecatedSince20: Using extra keyword arguments on `Field` is deprecated and will be removed. Use `json_schema_extra` instead. (Extra keys: 'env'). Deprecated in Pydantic V2.0 to be removed in V3.0. See Pydantic V2 Migration Guide at https://errors.pydantic.dev/2.12/migration/
    enable_live_trading: bool = Field(default=False, env="ENABLE_LIVE_TRADING")

backend\config\settings.py:99
  D:\code\ai-trading-system\backend\config\settings.py:99: PydanticDeprecatedSince20: Using extra keyword arguments on `Field` is deprecated and will be removed. Use `json_schema_extra` instead. (Extra keys: 'env'). Deprecated in Pydantic V2.0 to be removed in V3.0. See Pydantic V2 Migration Guide at https://errors.pydantic.dev/2.12/migration/
    enable_auto_tagging: bool = Field(default=True, env="ENABLE_AUTO_TAGGING")

backend\config\settings.py:100
  D:\code\ai-trading-system\backend\config\settings.py:100: PydanticDeprecatedSince20: Using extra keyword arguments on `Field` is deprecated and will be removed. Use `json_schema_extra` instead. (Extra keys: 'env'). Deprecated in Pydantic V2.0 to be removed in V3.0. See Pydantic V2 Migration Guide at https://errors.pydantic.dev/2.12/migration/
    enable_incremental_updates: bool = Field(default=True, env="ENABLE_INCREMENTAL_UPDATES")

backend\config\settings.py:104
  D:\code\ai-trading-system\backend\config\settings.py:104: PydanticDeprecatedSince20: Using extra keyword arguments on `Field` is deprecated and will be removed. Use `json_schema_extra` instead. (Extra keys: 'env'). Deprecated in Pydantic V2.0 to be removed in V3.0. See Pydantic V2 Migration Guide at https://errors.pydantic.dev/2.12/migration/
    embedding_model: str = Field(default="text-embedding-3-small", env="EMBEDDING_MODEL")

backend\config\settings.py:105
  D:\code\ai-trading-system\backend\config\settings.py:105: PydanticDeprecatedSince20: Using extra keyword arguments on `Field` is deprecated and will be removed. Use `json_schema_extra` instead. (Extra keys: 'env'). Deprecated in Pydantic V2.0 to be removed in V3.0. See Pydantic V2 Migration Guide at https://errors.pydantic.dev/2.12/migration/
    embedding_dimensions: int = Field(default=1536, env="EMBEDDING_DIMENSIONS")

backend\config\settings.py:106
  D:\code\ai-trading-system\backend\config\settings.py:106: PydanticDeprecatedSince20: Using extra keyword arguments on `Field` is deprecated and will be removed. Use `json_schema_extra` instead. (Extra keys: 'env'). Deprecated in Pydantic V2.0 to be removed in V3.0. See Pydantic V2 Migration Guide at https://errors.pydantic.dev/2.12/migration/
    embedding_cost_per_million_tokens: float = Field(default=0.02, env="EMBEDDING_COST_PER_MILLION_TOKENS")

backend\config\settings.py:109
  D:\code\ai-trading-system\backend\config\settings.py:109: PydanticDeprecatedSince20: Using extra keyword arguments on `Field` is deprecated and will be removed. Use `json_schema_extra` instead. (Extra keys: 'env'). Deprecated in Pydantic V2.0 to be removed in V3.0. See Pydantic V2 Migration Guide at https://errors.pydantic.dev/2.12/migration/
    vector_search_min_similarity: float = Field(default=0.7, env="VECTOR_SEARCH_MIN_SIMILARITY")

backend\config\settings.py:110
  D:\code\ai-trading-system\backend\config\settings.py:110: PydanticDeprecatedSince20: Using extra keyword arguments on `Field` is deprecated and will be removed. Use `json_schema_extra` instead. (Extra keys: 'env'). Deprecated in Pydantic V2.0 to be removed in V3.0. See Pydantic V2 Migration Guide at https://errors.pydantic.dev/2.12/migration/
    vector_search_default_top_k: int = Field(default=5, env="VECTOR_SEARCH_DEFAULT_TOP_K")

backend\config\settings.py:113
  D:\code\ai-trading-system\backend\config\settings.py:113: PydanticDeprecatedSince20: Using extra keyword arguments on `Field` is deprecated and will be removed. Use `json_schema_extra` instead. (Extra keys: 'env'). Deprecated in Pydantic V2.0 to be removed in V3.0. See Pydantic V2 Migration Guide at https://errors.pydantic.dev/2.12/migration/
    auto_tag_use_ai: bool = Field(default=True, env="AUTO_TAG_USE_AI")

backend\config\settings.py:114
  D:\code\ai-trading-system\backend\config\settings.py:114: PydanticDeprecatedSince20: Using extra keyword arguments on `Field` is deprecated and will be removed. Use `json_schema_extra` instead. (Extra keys: 'env'). Deprecated in Pydantic V2.0 to be removed in V3.0. See Pydantic V2 Migration Guide at https://errors.pydantic.dev/2.12/migration/
    auto_tag_claude_model: str = Field(default="claude-haiku-4-20250514", env="AUTO_TAG_CLAUDE_MODEL")

backend\config\settings.py:115
  D:\code\ai-trading-system\backend\config\settings.py:115: PydanticDeprecatedSince20: Using extra keyword arguments on `Field` is deprecated and will be removed. Use `json_schema_extra` instead. (Extra keys: 'env'). Deprecated in Pydantic V2.0 to be removed in V3.0. See Pydantic V2 Migration Guide at https://errors.pydantic.dev/2.12/migration/
    auto_tag_max_tags: int = Field(default=20, env="AUTO_TAG_MAX_TAGS")

backend\config\settings.py:118
  D:\code\ai-trading-system\backend\config\settings.py:118: PydanticDeprecatedSince20: Using extra keyword arguments on `Field` is deprecated and will be removed. Use `json_schema_extra` instead. (Extra keys: 'env'). Deprecated in Pydantic V2.0 to be removed in V3.0. See Pydantic V2 Migration Guide at https://errors.pydantic.dev/2.12/migration/
    incremental_update_enabled: bool = Field(default=True, env="INCREMENTAL_UPDATE_ENABLED")

backend\config\settings.py:119
  D:\code\ai-trading-system\backend\config\settings.py:119: PydanticDeprecatedSince20: Using extra keyword arguments on `Field` is deprecated and will be removed. Use `json_schema_extra` instead. (Extra keys: 'env'). Deprecated in Pydantic V2.0 to be removed in V3.0. See Pydantic V2 Migration Guide at https://errors.pydantic.dev/2.12/migration/
    incremental_update_cron: str = Field(default="0 2 * * *", env="INCREMENTAL_UPDATE_CRON")

backend\config\settings.py:122
  D:\code\ai-trading-system\backend\config\settings.py:122: PydanticDeprecatedSince20: Using extra keyword arguments on `Field` is deprecated and will be removed. Use `json_schema_extra` instead. (Extra keys: 'env'). Deprecated in Pydantic V2.0 to be removed in V3.0. See Pydantic V2 Migration Guide at https://errors.pydantic.dev/2.12/migration/
    daily_embedding_budget_usd: float = Field(default=0.10, env="DAILY_EMBEDDING_BUDGET_USD")

backend\config\settings.py:123
  D:\code\ai-trading-system\backend\config\settings.py:123: PydanticDeprecatedSince20: Using extra keyword arguments on `Field` is deprecated and will be removed. Use `json_schema_extra` instead. (Extra keys: 'env'). Deprecated in Pydantic V2.0 to be removed in V3.0. See Pydantic V2 Migration Guide at https://errors.pydantic.dev/2.12/migration/
    monthly_embedding_budget_usd: float = Field(default=1.00, env="MONTHLY_EMBEDDING_BUDGET_USD")

backend\config\settings.py:124
  D:\code\ai-trading-system\backend\config\settings.py:124: PydanticDeprecatedSince20: Using extra keyword arguments on `Field` is deprecated and will be removed. Use `json_schema_extra` instead. (Extra keys: 'env'). Deprecated in Pydantic V2.0 to be removed in V3.0. See Pydantic V2 Migration Guide at https://errors.pydantic.dev/2.12/migration/
    alert_on_budget_exceeded: bool = Field(default=True, env="ALERT_ON_BUDGET_EXCEEDED")

backend\config\settings.py:127
  D:\code\ai-trading-system\backend\config\settings.py:127: PydanticDeprecatedSince20: Using extra keyword arguments on `Field` is deprecated and will be removed. Use `json_schema_extra` instead. (Extra keys: 'env'). Deprecated in Pydantic V2.0 to be removed in V3.0. See Pydantic V2 Migration Guide at https://errors.pydantic.dev/2.12/migration/
    prometheus_port: int = Field(default=9090, env="PROMETHEUS_PORT")

backend\config\settings.py:128
  D:\code\ai-trading-system\backend\config\settings.py:128: PydanticDeprecatedSince20: Using extra keyword arguments on `Field` is deprecated and will be removed. Use `json_schema_extra` instead. (Extra keys: 'env'). Deprecated in Pydantic V2.0 to be removed in V3.0. See Pydantic V2 Migration Guide at https://errors.pydantic.dev/2.12/migration/
    grafana_port: int = Field(default=3000, env="GRAFANA_PORT")

backend\config\settings.py:129
  D:\code\ai-trading-system\backend\config\settings.py:129: PydanticDeprecatedSince20: Using extra keyword arguments on `Field` is deprecated and will be removed. Use `json_schema_extra` instead. (Extra keys: 'env'). Deprecated in Pydantic V2.0 to be removed in V3.0. See Pydantic V2 Migration Guide at https://errors.pydantic.dev/2.12/migration/
    log_level: str = Field(default="INFO", env="LOG_LEVEL")

backend\config\settings.py:132
  D:\code\ai-trading-system\backend\config\settings.py:132: PydanticDeprecatedSince20: Using extra keyword arguments on `Field` is deprecated and will be removed. Use `json_schema_extra` instead. (Extra keys: 'env'). Deprecated in Pydantic V2.0 to be removed in V3.0. See Pydantic V2 Migration Guide at https://errors.pydantic.dev/2.12/migration/
    app_env: str = Field(default="development", env="APP_ENV")

backend\config\settings.py:133
  D:\code\ai-trading-system\backend\config\settings.py:133: PydanticDeprecatedSince20: Using extra keyword arguments on `Field` is deprecated and will be removed. Use `json_schema_extra` instead. (Extra keys: 'env'). Deprecated in Pydantic V2.0 to be removed in V3.0. See Pydantic V2 Migration Guide at https://errors.pydantic.dev/2.12/migration/
    debug: bool = Field(default=True, env="DEBUG")

backend\config\settings.py:134
  D:\code\ai-trading-system\backend\config\settings.py:134: PydanticDeprecatedSince20: Using extra keyword arguments on `Field` is deprecated and will be removed. Use `json_schema_extra` instead. (Extra keys: 'env'). Deprecated in Pydantic V2.0 to be removed in V3.0. See Pydantic V2 Migration Guide at https://errors.pydantic.dev/2.12/migration/
    api_port: int = Field(default=8000, env="API_PORT")

backend\config\settings.py:14
  D:\code\ai-trading-system\backend\config\settings.py:14: PydanticDeprecatedSince20: Support for class-based `config` is deprecated, use ConfigDict instead. Deprecated in Pydantic V2.0 to be removed in V3.0. See Pydantic V2 Migration Guide at https://errors.pydantic.dev/2.12/migration/
    class Settings(BaseSettings):

-- Docs: https://docs.pytest.org/en/stable/how-to/capture-warnings.html
=========================== short test summary info ===========================
FAILED tests/test_position_aging.py::TestPositionAgingTracker::test_trading_position_warning
================== 1 failed, 6 passed, 61 warnings in 3.65s ===================
